[dotenv@17.3.1] injecting env (3) from .env.local -- tip: ≡ƒ¢á∩╕Å  run anywhere with `dotenvx run -- yourcommand`
--- STARTING DIAGNOSTIC SCRIPT ---
Target URL: https://zyiphncperhsifdjpwvb.supabase.co

[STEP 1] Generating Test User: diagnostic.1774393399757@example.com
Γ£à Auth Success! Session securely obtained for new user.

[STEP 2] Attempting to bypass RLS and insert row into 'users' table using returned session...
Γ£à Database Insert Success! Row added to `users` schema.
[
  {
    id: 'ad21f085-49bc-4c03-bd33-08f70996a3ba',
    email: 'diagnostic.1774393399757@example.com',
    name: 'Diagnostic Execution',
    avatar_url: null,
    encrypted_canvas_key: 'TEST_KEY_ENCRYPTED',
    iv: 'TEST_IV',
    created_at: '2026-03-24T23:03:20.019616+00:00'
  }
]

--- DIAGNOSTIC COMPLETE ---
The connection is flawless. If data still isn't saving in the Vercel deployed app, ensure your Vercel Environment Variables exactly match your local `.env.local`!
